[     110ms] [WARNING] Lit is in dev mode. Not recommended for production! See https://lit.dev/msg/dev-mode for more information. @ http://localhost:5180/node_modules/.vite/deps/lit.js?v=69085c3e:95
[     208ms] [WARNING] Element pages-data-table scheduled an update (generally because a property was set) after an update completed, causing a new update to be scheduled. This is inefficient and should be avoided unless the next update can only be scheduled as a side effect of the previous update. See https://lit.dev/msg/change-in-update for more information. @ http://localhost:5180/node_modules/.vite/deps/lit.js?v=69085c3e:95
[  230613ms] [WARNING] Lit is in dev mode. Not recommended for production! See https://lit.dev/msg/dev-mode for more information. @ http://localhost:5180/node_modules/.vite/deps/lit.js?v=69085c3e:95
[  230731ms] [WARNING] Element pages-data-table scheduled an update (generally because a property was set) after an update completed, causing a new update to be scheduled. This is inefficient and should be avoided unless the next update can only be scheduled as a side effect of the previous update. See https://lit.dev/msg/change-in-update for more information. @ http://localhost:5180/node_modules/.vite/deps/lit.js?v=69085c3e:95
[  250483ms] [WARNING] Lit is in dev mode. Not recommended for production! See https://lit.dev/msg/dev-mode for more information. @ http://localhost:5180/node_modules/.vite/deps/lit.js?v=69085c3e:95
[  250569ms] [WARNING] Element pages-data-table scheduled an update (generally because a property was set) after an update completed, causing a new update to be scheduled. This is inefficient and should be avoided unless the next update can only be scheduled as a side effect of the previous update. See https://lit.dev/msg/change-in-update for more information. @ http://localhost:5180/node_modules/.vite/deps/lit.js?v=69085c3e:95
[  260103ms] [WARNING] Lit is in dev mode. Not recommended for production! See https://lit.dev/msg/dev-mode for more information. @ http://localhost:5180/node_modules/.vite/deps/lit.js?v=69085c3e:95
[  260210ms] [WARNING] Element pages-data-table scheduled an update (generally because a property was set) after an update completed, causing a new update to be scheduled. This is inefficient and should be avoided unless the next update can only be scheduled as a side effect of the previous update. See https://lit.dev/msg/change-in-update for more information. @ http://localhost:5180/node_modules/.vite/deps/lit.js?v=69085c3e:95
[  273141ms] [WARNING] Lit is in dev mode. Not recommended for production! See https://lit.dev/msg/dev-mode for more information. @ http://localhost:5180/node_modules/.vite/deps/lit.js?v=69085c3e:95
[  273228ms] [WARNING] Element pages-data-table scheduled an update (generally because a property was set) after an update completed, causing a new update to be scheduled. This is inefficient and should be avoided unless the next update can only be scheduled as a side effect of the previous update. See https://lit.dev/msg/change-in-update for more information. @ http://localhost:5180/node_modules/.vite/deps/lit.js?v=69085c3e:95
[  287905ms] [WARNING] Lit is in dev mode. Not recommended for production! See https://lit.dev/msg/dev-mode for more information. @ http://localhost:5180/node_modules/.vite/deps/lit.js?v=69085c3e:95
[  288020ms] [WARNING] Element pages-data-table scheduled an update (generally because a property was set) after an update completed, causing a new update to be scheduled. This is inefficient and should be avoided unless the next update can only be scheduled as a side effect of the previous update. See https://lit.dev/msg/change-in-update for more information. @ http://localhost:5180/node_modules/.vite/deps/lit.js?v=69085c3e:95
[  293972ms] [LOG] [vite] server connection lost. Polling for restart... @ http://localhost:5180/@vite/client:559
[  293974ms] [ERROR] Failed to load resource: net::ERR_CONNECTION_REFUSED @ http://localhost:5180/:0
[  294976ms] [ERROR] Failed to load resource: net::ERR_CONNECTION_REFUSED @ http://localhost:5180/:0
[  295978ms] [ERROR] Failed to load resource: net::ERR_CONNECTION_REFUSED @ http://localhost:5180/:0
[  296980ms] [ERROR] Failed to load resource: net::ERR_CONNECTION_REFUSED @ http://localhost:5180/:0
[  297983ms] [ERROR] Failed to load resource: net::ERR_CONNECTION_REFUSED @ http://localhost:5180/:0
[  298986ms] [ERROR] Failed to load resource: net::ERR_CONNECTION_REFUSED @ http://localhost:5180/:0
[  299987ms] [ERROR] Failed to load resource: net::ERR_CONNECTION_REFUSED @ http://localhost:5180/:0
[  301124ms] [WARNING] Lit is in dev mode. Not recommended for production! See https://lit.dev/msg/dev-mode for more information. @ http://localhost:5180/node_modules/.vite/deps/lit.js?v=69085c3e:95
[  301748ms] [WARNING] Element pages-data-table scheduled an update (generally because a property was set) after an update completed, causing a new update to be scheduled. This is inefficient and should be avoided unless the next update can only be scheduled as a side effect of the previous update. See https://lit.dev/msg/change-in-update for more information. @ http://localhost:5180/node_modules/.vite/deps/lit.js?v=69085c3e:95
